nohup: ignoring input
Evaluation scenes: 312
Loaded ScanNetDepthDataset: 54090 samples.
Loading weights from local directory
[foundation_vggt] step 0/6762 abs_rel=0.2619
[foundation_vggt] step 20/6762 abs_rel=0.1452
[foundation_vggt] step 40/6762 abs_rel=0.1421
[foundation_vggt] step 60/6762 abs_rel=0.3586
[foundation_vggt] step 80/6762 abs_rel=0.1285
[foundation_vggt] step 100/6762 abs_rel=0.2453
[foundation_vggt] step 120/6762 abs_rel=0.4124
[foundation_vggt] step 140/6762 abs_rel=0.3168
[foundation_vggt] step 160/6762 abs_rel=0.1088
[foundation_vggt] step 180/6762 abs_rel=0.2096
[foundation_vggt] step 200/6762 abs_rel=0.2684
[foundation_vggt] step 220/6762 abs_rel=0.3769
[foundation_vggt] step 240/6762 abs_rel=0.4998
[foundation_vggt] step 260/6762 abs_rel=0.2715
[foundation_vggt] step 280/6762 abs_rel=0.5780
[foundation_vggt] step 300/6762 abs_rel=0.4173
[foundation_vggt] step 320/6762 abs_rel=0.2407
[foundation_vggt] step 340/6762 abs_rel=0.1028
[foundation_vggt] step 360/6762 abs_rel=0.1420
[foundation_vggt] step 380/6762 abs_rel=0.1196
[foundation_vggt] step 400/6762 abs_rel=0.2266
[foundation_vggt] step 420/6762 abs_rel=0.2530
[foundation_vggt] step 440/6762 abs_rel=0.3485
[foundation_vggt] step 460/6762 abs_rel=0.2276
[foundation_vggt] step 480/6762 abs_rel=0.2249
[foundation_vggt] step 500/6762 abs_rel=0.1502
[foundation_vggt] step 520/6762 abs_rel=0.1630
[foundation_vggt] step 540/6762 abs_rel=0.1696
[foundation_vggt] step 560/6762 abs_rel=0.1121
[foundation_vggt] step 580/6762 abs_rel=0.2605
[foundation_vggt] step 600/6762 abs_rel=0.1925
[foundation_vggt] step 620/6762 abs_rel=0.3078
[foundation_vggt] step 640/6762 abs_rel=0.1256
[foundation_vggt] step 660/6762 abs_rel=0.3525
[foundation_vggt] step 680/6762 abs_rel=0.3358
[foundation_vggt] step 700/6762 abs_rel=0.0708
[foundation_vggt] step 720/6762 abs_rel=0.5509
[foundation_vggt] step 740/6762 abs_rel=0.0522
[foundation_vggt] step 760/6762 abs_rel=0.2252
[foundation_vggt] step 780/6762 abs_rel=0.2177
[foundation_vggt] step 800/6762 abs_rel=0.0820
[foundation_vggt] step 820/6762 abs_rel=0.2087
[foundation_vggt] step 840/6762 abs_rel=0.1609
[foundation_vggt] step 860/6762 abs_rel=0.1781
[foundation_vggt] step 880/6762 abs_rel=0.3355
[foundation_vggt] step 900/6762 abs_rel=0.3160
[foundation_vggt] step 920/6762 abs_rel=0.2133
[foundation_vggt] step 940/6762 abs_rel=0.2564
[foundation_vggt] step 960/6762 abs_rel=0.2214
[foundation_vggt] step 980/6762 abs_rel=0.2572
[foundation_vggt] step 1000/6762 abs_rel=0.1692
[foundation_vggt] step 1020/6762 abs_rel=0.2346
[foundation_vggt] step 1040/6762 abs_rel=0.1603
[foundation_vggt] step 1060/6762 abs_rel=0.3661
[foundation_vggt] step 1080/6762 abs_rel=0.2277
[foundation_vggt] step 1100/6762 abs_rel=0.3070
[foundation_vggt] step 1120/6762 abs_rel=0.1538
[foundation_vggt] step 1140/6762 abs_rel=0.2729
[foundation_vggt] step 1160/6762 abs_rel=0.4025
[foundation_vggt] step 1180/6762 abs_rel=0.2319
[foundation_vggt] step 1200/6762 abs_rel=0.2163
[foundation_vggt] step 1220/6762 abs_rel=0.3855
[foundation_vggt] step 1240/6762 abs_rel=0.2493
[foundation_vggt] step 1260/6762 abs_rel=0.1781
[foundation_vggt] step 1280/6762 abs_rel=0.0892
[foundation_vggt] step 1300/6762 abs_rel=0.0887
[foundation_vggt] step 1320/6762 abs_rel=0.1070
[foundation_vggt] step 1340/6762 abs_rel=0.1039
[foundation_vggt] step 1360/6762 abs_rel=0.0831
[foundation_vggt] step 1380/6762 abs_rel=0.5298
[foundation_vggt] step 1400/6762 abs_rel=0.2461
[foundation_vggt] step 1420/6762 abs_rel=0.2876
[foundation_vggt] step 1440/6762 abs_rel=0.4426
[foundation_vggt] step 1460/6762 abs_rel=0.3948
[foundation_vggt] step 1480/6762 abs_rel=0.3827
[foundation_vggt] step 1500/6762 abs_rel=0.1823
[foundation_vggt] step 1520/6762 abs_rel=0.1587
[foundation_vggt] step 1540/6762 abs_rel=0.2667
[foundation_vggt] step 1560/6762 abs_rel=0.1597
[foundation_vggt] step 1580/6762 abs_rel=0.0978
[foundation_vggt] step 1600/6762 abs_rel=0.0991
[foundation_vggt] step 1620/6762 abs_rel=0.2355
[foundation_vggt] step 1640/6762 abs_rel=0.1370
[foundation_vggt] step 1660/6762 abs_rel=0.2354
[foundation_vggt] step 1680/6762 abs_rel=0.1664
[foundation_vggt] step 1700/6762 abs_rel=0.2444
[foundation_vggt] step 1720/6762 abs_rel=0.1917
[foundation_vggt] step 1740/6762 abs_rel=0.2136
[foundation_vggt] step 1760/6762 abs_rel=0.2250
[foundation_vggt] step 1780/6762 abs_rel=0.3880
[foundation_vggt] step 1800/6762 abs_rel=0.1177
[foundation_vggt] step 1820/6762 abs_rel=0.1795
[foundation_vggt] step 1840/6762 abs_rel=0.1170
[foundation_vggt] step 1860/6762 abs_rel=0.2432
[foundation_vggt] step 1880/6762 abs_rel=0.1710
[foundation_vggt] step 1900/6762 abs_rel=0.2453
[foundation_vggt] step 1920/6762 abs_rel=0.0805
[foundation_vggt] step 1940/6762 abs_rel=0.1303
[foundation_vggt] step 1960/6762 abs_rel=0.1362
[foundation_vggt] step 1980/6762 abs_rel=0.1033
[foundation_vggt] step 2000/6762 abs_rel=0.2422
[foundation_vggt] step 2020/6762 abs_rel=0.4005
[foundation_vggt] step 2040/6762 abs_rel=0.2694
[foundation_vggt] step 2060/6762 abs_rel=0.1236
[foundation_vggt] step 2080/6762 abs_rel=0.1758
[foundation_vggt] step 2100/6762 abs_rel=0.0746
[foundation_vggt] step 2120/6762 abs_rel=0.3701
[foundation_vggt] step 2140/6762 abs_rel=0.1909
[foundation_vggt] step 2160/6762 abs_rel=0.0362
[foundation_vggt] step 2180/6762 abs_rel=0.1079
[foundation_vggt] step 2200/6762 abs_rel=0.1664
[foundation_vggt] step 2220/6762 abs_rel=0.1855
[foundation_vggt] step 2240/6762 abs_rel=0.1102
[foundation_vggt] step 2260/6762 abs_rel=0.1742
[foundation_vggt] step 2280/6762 abs_rel=0.2346
[foundation_vggt] step 2300/6762 abs_rel=0.1425
[foundation_vggt] step 2320/6762 abs_rel=0.2290
[foundation_vggt] step 2340/6762 abs_rel=0.2096
[foundation_vggt] step 2360/6762 abs_rel=0.2898
[foundation_vggt] step 2380/6762 abs_rel=0.6853
[foundation_vggt] step 2400/6762 abs_rel=0.1234
[foundation_vggt] step 2420/6762 abs_rel=0.1875
[foundation_vggt] step 2440/6762 abs_rel=0.3979
[foundation_vggt] step 2460/6762 abs_rel=0.1643
[foundation_vggt] step 2480/6762 abs_rel=0.4123
[foundation_vggt] step 2500/6762 abs_rel=0.1232
[foundation_vggt] step 2520/6762 abs_rel=0.1440
[foundation_vggt] step 2540/6762 abs_rel=0.3130
[foundation_vggt] step 2560/6762 abs_rel=0.1363
[foundation_vggt] step 2580/6762 abs_rel=0.2609
[foundation_vggt] step 2600/6762 abs_rel=0.1778
[foundation_vggt] step 2620/6762 abs_rel=0.2317
[foundation_vggt] step 2640/6762 abs_rel=0.1105
[foundation_vggt] step 2660/6762 abs_rel=0.1110
[foundation_vggt] step 2680/6762 abs_rel=0.1827
[foundation_vggt] step 2700/6762 abs_rel=0.2559
[foundation_vggt] step 2720/6762 abs_rel=0.1174
[foundation_vggt] step 2740/6762 abs_rel=0.1709
[foundation_vggt] step 2760/6762 abs_rel=0.1096
[foundation_vggt] step 2780/6762 abs_rel=0.3674
[foundation_vggt] step 2800/6762 abs_rel=0.1772
[foundation_vggt] step 2820/6762 abs_rel=0.3255
[foundation_vggt] step 2840/6762 abs_rel=0.2238
[foundation_vggt] step 2860/6762 abs_rel=0.1473
[foundation_vggt] step 2880/6762 abs_rel=0.1543
[foundation_vggt] step 2900/6762 abs_rel=0.1087
[foundation_vggt] step 2920/6762 abs_rel=0.2588
[foundation_vggt] step 2940/6762 abs_rel=0.1427
[foundation_vggt] step 2960/6762 abs_rel=0.2151
[foundation_vggt] step 2980/6762 abs_rel=0.0499
[foundation_vggt] step 3000/6762 abs_rel=0.0921
[foundation_vggt] step 3020/6762 abs_rel=0.3367
[foundation_vggt] step 3040/6762 abs_rel=0.1659
[foundation_vggt] step 3060/6762 abs_rel=0.2640
[foundation_vggt] step 3080/6762 abs_rel=0.2091
[foundation_vggt] step 3100/6762 abs_rel=0.3192
[foundation_vggt] step 3120/6762 abs_rel=0.1827
[foundation_vggt] step 3140/6762 abs_rel=0.3685
[foundation_vggt] step 3160/6762 abs_rel=0.1465
[foundation_vggt] step 3180/6762 abs_rel=0.1743
[foundation_vggt] step 3200/6762 abs_rel=0.1877
[foundation_vggt] step 3220/6762 abs_rel=0.1430
[foundation_vggt] step 3240/6762 abs_rel=0.2095
[foundation_vggt] step 3260/6762 abs_rel=0.1998
[foundation_vggt] step 3280/6762 abs_rel=0.1559
[foundation_vggt] step 3300/6762 abs_rel=0.3015
[foundation_vggt] step 3320/6762 abs_rel=0.2774
[foundation_vggt] step 3340/6762 abs_rel=0.3925
[foundation_vggt] step 3360/6762 abs_rel=0.1441
[foundation_vggt] step 3380/6762 abs_rel=0.1767
[foundation_vggt] step 3400/6762 abs_rel=0.2288
[foundation_vggt] step 3420/6762 abs_rel=0.2973
[foundation_vggt] step 3440/6762 abs_rel=0.3410
[foundation_vggt] step 3460/6762 abs_rel=0.0812
[foundation_vggt] step 3480/6762 abs_rel=0.2335
[foundation_vggt] step 3500/6762 abs_rel=0.3393
[foundation_vggt] step 3520/6762 abs_rel=0.0264
[foundation_vggt] step 3540/6762 abs_rel=0.1873
[foundation_vggt] step 3560/6762 abs_rel=0.2048
[foundation_vggt] step 3580/6762 abs_rel=0.2585
[foundation_vggt] step 3600/6762 abs_rel=0.1915
[foundation_vggt] step 3620/6762 abs_rel=0.2115
[foundation_vggt] step 3640/6762 abs_rel=0.1732
[foundation_vggt] step 3660/6762 abs_rel=0.2320
[foundation_vggt] step 3680/6762 abs_rel=0.3871
[foundation_vggt] step 3700/6762 abs_rel=0.2921
[foundation_vggt] step 3720/6762 abs_rel=0.3245
[foundation_vggt] step 3740/6762 abs_rel=0.2546
[foundation_vggt] step 3760/6762 abs_rel=0.2000
[foundation_vggt] step 3780/6762 abs_rel=0.2587
[foundation_vggt] step 3800/6762 abs_rel=0.4094
[foundation_vggt] step 3820/6762 abs_rel=0.3365
[foundation_vggt] step 3840/6762 abs_rel=0.1785
[foundation_vggt] step 3860/6762 abs_rel=0.2340
[foundation_vggt] step 3880/6762 abs_rel=0.1951
[foundation_vggt] step 3900/6762 abs_rel=0.1905
[foundation_vggt] step 3920/6762 abs_rel=0.1614
[foundation_vggt] step 3940/6762 abs_rel=0.2608
[foundation_vggt] step 3960/6762 abs_rel=0.1386
[foundation_vggt] step 3980/6762 abs_rel=0.1508
[foundation_vggt] step 4000/6762 abs_rel=0.1170
[foundation_vggt] step 4020/6762 abs_rel=0.1016
[foundation_vggt] step 4040/6762 abs_rel=0.2046
[foundation_vggt] step 4060/6762 abs_rel=0.0550
[foundation_vggt] step 4080/6762 abs_rel=0.1247
[foundation_vggt] step 4100/6762 abs_rel=0.1235
[foundation_vggt] step 4120/6762 abs_rel=0.2535
[foundation_vggt] step 4140/6762 abs_rel=0.1158
[foundation_vggt] step 4160/6762 abs_rel=0.1865
[foundation_vggt] step 4180/6762 abs_rel=0.2463
[foundation_vggt] step 4200/6762 abs_rel=0.1760
[foundation_vggt] step 4220/6762 abs_rel=0.1116
[foundation_vggt] step 4240/6762 abs_rel=0.2364
[foundation_vggt] step 4260/6762 abs_rel=0.3059
[foundation_vggt] step 4280/6762 abs_rel=0.1359
[foundation_vggt] step 4300/6762 abs_rel=0.1195
[foundation_vggt] step 4320/6762 abs_rel=0.1085
[foundation_vggt] step 4340/6762 abs_rel=0.2440
[foundation_vggt] step 4360/6762 abs_rel=0.1795
[foundation_vggt] step 4380/6762 abs_rel=0.1655
[foundation_vggt] step 4400/6762 abs_rel=0.1624
[foundation_vggt] step 4420/6762 abs_rel=0.0961
[foundation_vggt] step 4440/6762 abs_rel=0.1760
[foundation_vggt] step 4460/6762 abs_rel=0.3738
[foundation_vggt] step 4480/6762 abs_rel=0.1762
[foundation_vggt] step 4500/6762 abs_rel=0.2413
[foundation_vggt] step 4520/6762 abs_rel=0.5486
[foundation_vggt] step 4540/6762 abs_rel=0.2918
[foundation_vggt] step 4560/6762 abs_rel=0.1667
[foundation_vggt] step 4580/6762 abs_rel=0.5528
[foundation_vggt] step 4600/6762 abs_rel=0.2237
[foundation_vggt] step 4620/6762 abs_rel=0.0631
[foundation_vggt] step 4640/6762 abs_rel=0.1093
[foundation_vggt] step 4660/6762 abs_rel=0.0886
[foundation_vggt] step 4680/6762 abs_rel=0.1540
[foundation_vggt] step 4700/6762 abs_rel=0.2100
[foundation_vggt] step 4720/6762 abs_rel=0.2678
[foundation_vggt] step 4740/6762 abs_rel=0.2679
[foundation_vggt] step 4760/6762 abs_rel=0.3621
[foundation_vggt] step 4780/6762 abs_rel=0.2563
[foundation_vggt] step 4800/6762 abs_rel=0.5470
[foundation_vggt] step 4820/6762 abs_rel=0.1417
[foundation_vggt] step 4840/6762 abs_rel=0.4132
[foundation_vggt] step 4860/6762 abs_rel=0.2217
[foundation_vggt] step 4880/6762 abs_rel=0.2837
[foundation_vggt] step 4900/6762 abs_rel=0.2955
[foundation_vggt] step 4920/6762 abs_rel=0.1619
[foundation_vggt] step 4940/6762 abs_rel=0.2849
[foundation_vggt] step 4960/6762 abs_rel=0.1393
[foundation_vggt] step 4980/6762 abs_rel=0.1626
[foundation_vggt] step 5000/6762 abs_rel=0.3084
[foundation_vggt] step 5020/6762 abs_rel=0.1776
[foundation_vggt] step 5040/6762 abs_rel=0.1410
[foundation_vggt] step 5060/6762 abs_rel=0.1306
[foundation_vggt] step 5080/6762 abs_rel=0.2706
[foundation_vggt] step 5100/6762 abs_rel=0.2482
[foundation_vggt] step 5120/6762 abs_rel=0.3161
[foundation_vggt] step 5140/6762 abs_rel=0.1408
[foundation_vggt] step 5160/6762 abs_rel=0.2628
[foundation_vggt] step 5180/6762 abs_rel=0.2081
[foundation_vggt] step 5200/6762 abs_rel=0.0731
[foundation_vggt] step 5220/6762 abs_rel=0.1656
[foundation_vggt] step 5240/6762 abs_rel=0.2013
[foundation_vggt] step 5260/6762 abs_rel=0.1920
[foundation_vggt] step 5280/6762 abs_rel=0.3157
[foundation_vggt] step 5300/6762 abs_rel=0.2936
[foundation_vggt] step 5320/6762 abs_rel=0.2102
[foundation_vggt] step 5340/6762 abs_rel=0.0869
[foundation_vggt] step 5360/6762 abs_rel=0.2817
[foundation_vggt] step 5380/6762 abs_rel=0.1345
[foundation_vggt] step 5400/6762 abs_rel=0.2369
[foundation_vggt] step 5420/6762 abs_rel=0.1927
[foundation_vggt] step 5440/6762 abs_rel=0.1424
[foundation_vggt] step 5460/6762 abs_rel=0.1916
[foundation_vggt] step 5480/6762 abs_rel=0.1654
[foundation_vggt] step 5500/6762 abs_rel=0.2598
[foundation_vggt] step 5520/6762 abs_rel=0.1429
[foundation_vggt] step 5540/6762 abs_rel=0.1947
[foundation_vggt] step 5560/6762 abs_rel=0.1319
[foundation_vggt] step 5580/6762 abs_rel=0.2340
[foundation_vggt] step 5600/6762 abs_rel=0.1200
[foundation_vggt] step 5620/6762 abs_rel=0.0924
[foundation_vggt] step 5640/6762 abs_rel=0.0215
[foundation_vggt] step 5660/6762 abs_rel=0.0140
[foundation_vggt] step 5680/6762 abs_rel=0.0271
[foundation_vggt] step 5700/6762 abs_rel=0.1050
[foundation_vggt] step 5720/6762 abs_rel=0.1342
[foundation_vggt] step 5740/6762 abs_rel=0.2594
[foundation_vggt] step 5760/6762 abs_rel=0.1437
[foundation_vggt] step 5780/6762 abs_rel=0.1277
[foundation_vggt] step 5800/6762 abs_rel=0.1277
[foundation_vggt] step 5820/6762 abs_rel=0.2446
[foundation_vggt] step 5840/6762 abs_rel=0.1306
[foundation_vggt] step 5860/6762 abs_rel=0.2033
[foundation_vggt] step 5880/6762 abs_rel=0.0968
[foundation_vggt] step 5900/6762 abs_rel=0.1208
[foundation_vggt] step 5920/6762 abs_rel=0.3241
[foundation_vggt] step 5940/6762 abs_rel=0.1128
[foundation_vggt] step 5960/6762 abs_rel=0.2631
[foundation_vggt] step 5980/6762 abs_rel=0.4349
[foundation_vggt] step 6000/6762 abs_rel=0.2096
[foundation_vggt] step 6020/6762 abs_rel=0.1928
[foundation_vggt] step 6040/6762 abs_rel=0.1400
[foundation_vggt] step 6060/6762 abs_rel=0.0930
[foundation_vggt] step 6080/6762 abs_rel=0.2759
[foundation_vggt] step 6100/6762 abs_rel=0.1658
[foundation_vggt] step 6120/6762 abs_rel=0.1637
[foundation_vggt] step 6140/6762 abs_rel=0.1431
[foundation_vggt] step 6160/6762 abs_rel=0.1937
[foundation_vggt] step 6180/6762 abs_rel=0.1227
[foundation_vggt] step 6200/6762 abs_rel=0.1875
[foundation_vggt] step 6220/6762 abs_rel=0.1568
[foundation_vggt] step 6240/6762 abs_rel=0.1025
[foundation_vggt] step 6260/6762 abs_rel=0.1520
[foundation_vggt] step 6280/6762 abs_rel=0.1790
[foundation_vggt] step 6300/6762 abs_rel=0.1739
[foundation_vggt] step 6320/6762 abs_rel=0.2023
[foundation_vggt] step 6340/6762 abs_rel=0.1266
[foundation_vggt] step 6360/6762 abs_rel=0.1711
[foundation_vggt] step 6380/6762 abs_rel=0.1372
[foundation_vggt] step 6400/6762 abs_rel=0.1342
[foundation_vggt] step 6420/6762 abs_rel=0.3051
[foundation_vggt] step 6440/6762 abs_rel=0.2531
[foundation_vggt] step 6460/6762 abs_rel=0.0868
[foundation_vggt] step 6480/6762 abs_rel=0.3047
[foundation_vggt] step 6500/6762 abs_rel=0.1093
[foundation_vggt] step 6520/6762 abs_rel=0.3365
[foundation_vggt] step 6540/6762 abs_rel=0.2792
[foundation_vggt] step 6560/6762 abs_rel=0.3931
[foundation_vggt] step 6580/6762 abs_rel=0.3632
[foundation_vggt] step 6600/6762 abs_rel=0.0980
[foundation_vggt] step 6620/6762 abs_rel=0.1210
[foundation_vggt] step 6640/6762 abs_rel=0.2055
[foundation_vggt] step 6660/6762 abs_rel=0.1440
[foundation_vggt] step 6680/6762 abs_rel=0.2589
[foundation_vggt] step 6700/6762 abs_rel=0.1295
[foundation_vggt] step 6720/6762 abs_rel=0.2343
[foundation_vggt] step 6740/6762 abs_rel=0.2711
[foundation_vggt] step 6760/6762 abs_rel=0.3132

=== Evaluation Results ===
    mode: foundation_vggt
 abs_rel: 0.213453
valid_batches: 6762

Saved metrics to: task3/outputs/vggt/eval_vggt.json
Saved per-batch log to: task3/outputs/vggt/eval_vggt_per_batch.jsonl
